Component: ARM Compiler 5.06 update 6 (build 750) Tool: armlink [4d35ed]

==============================================================================

Section Cross References

    startup_w7500x.o(STACK) refers (Special) to heapauxi.o(.text) for __use_two_region_memory
    startup_w7500x.o(HEAP) refers (Special) to heapauxi.o(.text) for __use_two_region_memory
    startup_w7500x.o(RESET) refers (Special) to heapauxi.o(.text) for __use_two_region_memory
    startup_w7500x.o(RESET) refers to startup_w7500x.o(STACK) for __initial_sp
    startup_w7500x.o(RESET) refers to startup_w7500x.o(.text) for Reset_Handler
    startup_w7500x.o(RESET) refers to w7500x_it.o(.text) for NMI_Handler
    startup_w7500x.o(.text) refers (Special) to heapauxi.o(.text) for __use_two_region_memory
    startup_w7500x.o(.text) refers to system_w7500x.o(.text) for SystemInit
    startup_w7500x.o(.text) refers to __main.o(!!!main) for __main
    startup_w7500x.o(.text) refers to startup_w7500x.o(HEAP) for Heap_Mem
    startup_w7500x.o(.text) refers to startup_w7500x.o(STACK) for Stack_Mem
    w7500x_uart.o(.text) refers to aeabi_sdiv.o(.text) for __aeabi_uidivmod
    w7500x_uart.o(.text) refers to fflti.o(.text) for __aeabi_ui2f
    w7500x_uart.o(.text) refers to fdiv.o(.text) for __aeabi_fdiv
    w7500x_uart.o(.text) refers to ffixui.o(.text) for __aeabi_f2uiz
    w7500x_uart.o(.text) refers to faddsub.o(x$fpl$frsb) for __aeabi_frsub
    w7500x_uart.o(.text) refers to fscalbn.o(.text) for __ARM_scalbnf
    w7500x_uart.o(.text) refers to f2d.o(.text) for __aeabi_f2d
    w7500x_uart.o(.text) refers to daddsub.o(.text) for __aeabi_dadd
    w7500x_uart.o(.text) refers to dfixui.o(.text) for __aeabi_d2uiz
    w7500x_uart.o(.text) refers to system_w7500x.o(.text) for GetSystemClock
    system_w7500x.o(.text) refers to aeabi_sdiv.o(.text) for __aeabi_uidivmod
    system_w7500x.o(.text) refers to system_w7500x.o(.data) for .data
    main.o(.text) refers to system_w7500x.o(.text) for SystemInit
    main.o(.text) refers to w7500x_uart.o(.text) for UART_StructInit
    main.o(.text) refers to noretval__2printf.o(.text) for __2printf
    main.o(.text) refers to main.o(.bss) for .bss
    retarget.o(.rev16_text) refers (Special) to use_no_semi.o(.text) for __use_no_semihosting_swi
    retarget.o(.revsh_text) refers (Special) to use_no_semi.o(.text) for __use_no_semihosting_swi
    retarget.o(.text) refers (Special) to use_no_semi.o(.text) for __use_no_semihosting_swi
    retarget.o(.text) refers to w7500x_uart.o(.text) for UartPutc
    retarget.o(.data) refers (Special) to use_no_semi.o(.text) for __use_no_semihosting_swi
    retarget.o(.data) refers (Special) to use_no_semi.o(.text) for __use_no_semihosting_swi
    __2printf.o(.text) refers to _printf_char_file.o(.text) for _printf_char_file
    __2printf.o(.text) refers to retarget.o(.data) for __stdout
    noretval__2printf.o(.text) refers to _printf_char_file.o(.text) for _printf_char_file
    noretval__2printf.o(.text) refers to retarget.o(.data) for __stdout
    __main.o(!!!main) refers to __rtentry.o(.ARM.Collect$$rtentry$$00000000) for __rt_entry
    daddsub.o(.text) refers (Special) to usenofp.o(x$fpl$usenofp) for __I$use$fp
    dfixui.o(.text) refers (Special) to usenofp.o(x$fpl$usenofp) for __I$use$fp
    f2d.o(.text) refers (Special) to usenofp.o(x$fpl$usenofp) for __I$use$fp
    faddsub.o(x$fpl$fadd) refers (Special) to usenofp.o(x$fpl$usenofp) for __I$use$fp
    faddsub.o(x$fpl$fadd) refers to faddsub.o(x$fpl$fsub) for _fsub1
    faddsub.o(x$fpl$frsb) refers (Special) to usenofp.o(x$fpl$usenofp) for __I$use$fp
    faddsub.o(x$fpl$frsb) refers to faddsub.o(x$fpl$fsub) for _fsub1
    faddsub.o(x$fpl$frsb) refers to faddsub.o(x$fpl$fadd) for _fadd1
    faddsub.o(x$fpl$fsub) refers (Special) to usenofp.o(x$fpl$usenofp) for __I$use$fp
    faddsub.o(x$fpl$fsub) refers to faddsub.o(x$fpl$fadd) for _fadd1
    fdiv.o(.text) refers (Special) to usenofp.o(x$fpl$usenofp) for __I$use$fp
    fdiv.o(.text) refers to fdiv.o(.constdata) for .constdata
    fdiv.o(.constdata) refers (Special) to usenofp.o(x$fpl$usenofp) for __I$use$fp
    ffixui.o(.text) refers (Special) to usenofp.o(x$fpl$usenofp) for __I$use$fp
    fflti.o(.text) refers (Special) to usenofp.o(x$fpl$usenofp) for __I$use$fp
    fscalbn.o(.text) refers (Special) to usenofp.o(x$fpl$usenofp) for __I$use$fp
    __rtentry.o(.ARM.Collect$$rtentry$$00000000) refers (Special) to __rtentry2.o(.ARM.Collect$$rtentry$$0000000A) for __rt_entry_li
    __rtentry.o(.ARM.Collect$$rtentry$$00000000) refers (Special) to __rtentry2.o(.ARM.Collect$$rtentry$$0000000D) for __rt_entry_main
    __rtentry.o(.ARM.Collect$$rtentry$$00000000) refers (Special) to __rtentry2.o(.ARM.Collect$$rtentry$$0000000C) for __rt_entry_postli_1
    __rtentry.o(.ARM.Collect$$rtentry$$00000000) refers (Special) to __rtentry2.o(.ARM.Collect$$rtentry$$00000009) for __rt_entry_postsh_1
    __rtentry.o(.ARM.Collect$$rtentry$$00000000) refers (Special) to __rtentry2.o(.ARM.Collect$$rtentry$$00000002) for __rt_entry_presh_1
    __rtentry.o(.ARM.Collect$$rtentry$$00000000) refers (Special) to __rtentry4.o(.ARM.Collect$$rtentry$$00000004) for __rt_entry_sh
    aeabi_idiv0_sigfpe.o(.text) refers to rt_div0.o(.text) for __rt_div0
    _printf_char_file.o(.text) refers to _printf_char_common.o(.text) for _printf_char_common
    _printf_char_file.o(.text) refers to retarget.o(.text) for ferror
    __rtentry2.o(.ARM.Collect$$rtentry$$00000008) refers to boardinit2.o(.text) for _platform_post_stackheap_init
    __rtentry2.o(.ARM.Collect$$rtentry$$0000000A) refers to libinit.o(.ARM.Collect$$libinit$$00000000) for __rt_lib_init
    __rtentry2.o(.ARM.Collect$$rtentry$$0000000B) refers to boardinit3.o(.text) for _platform_post_lib_init
    __rtentry2.o(.ARM.Collect$$rtentry$$0000000D) refers to main.o(.text) for main
    __rtentry2.o(.ARM.Collect$$rtentry$$0000000D) refers to exit.o(.text) for exit
    __rtentry2.o(.ARM.exidx) refers to __rtentry2.o(.ARM.Collect$$rtentry$$00000001) for .ARM.Collect$$rtentry$$00000001
    __rtentry2.o(.ARM.exidx) refers to __rtentry2.o(.ARM.Collect$$rtentry$$00000008) for .ARM.Collect$$rtentry$$00000008
    __rtentry2.o(.ARM.exidx) refers to __rtentry2.o(.ARM.Collect$$rtentry$$0000000A) for .ARM.Collect$$rtentry$$0000000A
    __rtentry2.o(.ARM.exidx) refers to __rtentry2.o(.ARM.Collect$$rtentry$$0000000B) for .ARM.Collect$$rtentry$$0000000B
    __rtentry2.o(.ARM.exidx) refers to __rtentry2.o(.ARM.Collect$$rtentry$$0000000D) for .ARM.Collect$$rtentry$$0000000D
    __rtentry4.o(.ARM.Collect$$rtentry$$00000004) refers to sys_stackheap_outer.o(.text) for __user_setup_stackheap
    __rtentry4.o(.ARM.exidx) refers to __rtentry4.o(.ARM.Collect$$rtentry$$00000004) for .ARM.Collect$$rtentry$$00000004
    rt_div0.o(.text) refers to defsig_fpe_outer.o(.text) for __rt_SIGFPE
    _printf_char_common.o(.text) refers to __printf_nopercent.o(.text) for __printf
    sys_stackheap_outer.o(.text) refers to libspace.o(.text) for __user_perproc_libspace
    sys_stackheap_outer.o(.text) refers to startup_w7500x.o(.text) for __user_initial_stackheap
    sys_stackheap_outer.o(__vectab_stack_and_reset_area) refers to tempstk.o(.text) for __temporary_stack_top
    sys_stackheap_outer.o(__vectab_stack_and_reset_area) refers to __main.o(!!!main) for __main
    exit.o(.text) refers to rtexit.o(.ARM.Collect$$rtexit$$00000000) for __rt_exit
    defsig_fpe_outer.o(.text) refers to defsig_fpe_inner.o(.text) for __rt_SIGFPE_inner
    defsig_fpe_outer.o(.text) refers to defsig_exit.o(.text) for __sig_exit
    defsig_fpe_formal.o(.text) refers to rt_raise.o(.text) for __rt_raise
    libinit.o(.ARM.Collect$$libinit$$00000000) refers (Special) to libinit2.o(.ARM.Collect$$libinit$$0000002E) for __rt_lib_init_alloca_1
    libinit.o(.ARM.Collect$$libinit$$00000000) refers (Special) to libinit2.o(.ARM.Collect$$libinit$$0000002C) for __rt_lib_init_argv_1
    libinit.o(.ARM.Collect$$libinit$$00000000) refers (Special) to libinit2.o(.ARM.Collect$$libinit$$0000001B) for __rt_lib_init_atexit_1
    libinit.o(.ARM.Collect$$libinit$$00000000) refers (Special) to libinit2.o(.ARM.Collect$$libinit$$00000021) for __rt_lib_init_clock_1
    libinit.o(.ARM.Collect$$libinit$$00000000) refers (Special) to libinit2.o(.ARM.Collect$$libinit$$00000032) for __rt_lib_init_cpp_1
    libinit.o(.ARM.Collect$$libinit$$00000000) refers (Special) to libinit2.o(.ARM.Collect$$libinit$$00000030) for __rt_lib_init_exceptions_1
    libinit.o(.ARM.Collect$$libinit$$00000000) refers (Special) to libinit2.o(.ARM.Collect$$libinit$$00000002) for __rt_lib_init_fp_1
    libinit.o(.ARM.Collect$$libinit$$00000000) refers (Special) to libinit2.o(.ARM.Collect$$libinit$$0000001F) for __rt_lib_init_fp_trap_1
    libinit.o(.ARM.Collect$$libinit$$00000000) refers (Special) to libinit2.o(.ARM.Collect$$libinit$$00000023) for __rt_lib_init_getenv_1
    libinit.o(.ARM.Collect$$libinit$$00000000) refers (Special) to libinit2.o(.ARM.Collect$$libinit$$0000000A) for __rt_lib_init_heap_1
    libinit.o(.ARM.Collect$$libinit$$00000000) refers (Special) to libinit2.o(.ARM.Collect$$libinit$$00000011) for __rt_lib_init_lc_collate_1
    libinit.o(.ARM.Collect$$libinit$$00000000) refers (Special) to libinit2.o(.ARM.Collect$$libinit$$00000013) for __rt_lib_init_lc_ctype_1
    libinit.o(.ARM.Collect$$libinit$$00000000) refers (Special) to libinit2.o(.ARM.Collect$$libinit$$00000015) for __rt_lib_init_lc_monetary_1
    libinit.o(.ARM.Collect$$libinit$$00000000) refers (Special) to libinit2.o(.ARM.Collect$$libinit$$00000017) for __rt_lib_init_lc_numeric_1
    libinit.o(.ARM.Collect$$libinit$$00000000) refers (Special) to libinit2.o(.ARM.Collect$$libinit$$00000019) for __rt_lib_init_lc_time_1
    libinit.o(.ARM.Collect$$libinit$$00000000) refers (Special) to libinit2.o(.ARM.Collect$$libinit$$00000004) for __rt_lib_init_preinit_1
    libinit.o(.ARM.Collect$$libinit$$00000000) refers (Special) to libinit2.o(.ARM.Collect$$libinit$$0000000E) for __rt_lib_init_rand_1
    libinit.o(.ARM.Collect$$libinit$$00000000) refers (Special) to libinit2.o(.ARM.Collect$$libinit$$00000033) for __rt_lib_init_return
    libinit.o(.ARM.Collect$$libinit$$00000000) refers (Special) to libinit2.o(.ARM.Collect$$libinit$$0000001D) for __rt_lib_init_signal_1
    libinit.o(.ARM.Collect$$libinit$$00000000) refers (Special) to libinit2.o(.ARM.Collect$$libinit$$00000025) for __rt_lib_init_stdio_1
    libinit.o(.ARM.Collect$$libinit$$00000000) refers (Special) to libinit2.o(.ARM.Collect$$libinit$$0000000C) for __rt_lib_init_user_alloc_1
    libspace.o(.text) refers to libspace.o(.bss) for __libspace_start
    rtexit.o(.ARM.Collect$$rtexit$$00000000) refers (Special) to rtexit2.o(.ARM.Collect$$rtexit$$00000004) for __rt_exit_exit
    rtexit.o(.ARM.Collect$$rtexit$$00000000) refers (Special) to rtexit2.o(.ARM.Collect$$rtexit$$00000003) for __rt_exit_ls
    rtexit.o(.ARM.Collect$$rtexit$$00000000) refers (Special) to rtexit2.o(.ARM.Collect$$rtexit$$00000002) for __rt_exit_prels_1
    rtexit.o(.ARM.exidx) refers (Special) to rtexit2.o(.ARM.Collect$$rtexit$$00000004) for __rt_exit_exit
    rtexit.o(.ARM.exidx) refers (Special) to rtexit2.o(.ARM.Collect$$rtexit$$00000003) for __rt_exit_ls
    rtexit.o(.ARM.exidx) refers (Special) to rtexit2.o(.ARM.Collect$$rtexit$$00000002) for __rt_exit_prels_1
    rtexit.o(.ARM.exidx) refers to rtexit.o(.ARM.Collect$$rtexit$$00000000) for .ARM.Collect$$rtexit$$00000000
    rt_raise.o(.text) refers to __raise.o(.text) for __raise
    rt_raise.o(.text) refers to retarget.o(.text) for _sys_exit
    defsig_exit.o(.text) refers to retarget.o(.text) for _sys_exit
    defsig_fpe_inner.o(.text) refers to defsig_general.o(.text) for __default_signal_display
    libinit2.o(.ARM.Collect$$libinit$$00000010) refers to libinit2.o(.ARM.Collect$$libinit$$0000000F) for .ARM.Collect$$libinit$$0000000F
    libinit2.o(.ARM.Collect$$libinit$$00000012) refers to libinit2.o(.ARM.Collect$$libinit$$0000000F) for .ARM.Collect$$libinit$$0000000F
    libinit2.o(.ARM.Collect$$libinit$$00000014) refers to libinit2.o(.ARM.Collect$$libinit$$0000000F) for .ARM.Collect$$libinit$$0000000F
    libinit2.o(.ARM.Collect$$libinit$$00000016) refers to libinit2.o(.ARM.Collect$$libinit$$0000000F) for .ARM.Collect$$libinit$$0000000F
    libinit2.o(.ARM.Collect$$libinit$$00000018) refers to libinit2.o(.ARM.Collect$$libinit$$0000000F) for .ARM.Collect$$libinit$$0000000F
    libinit2.o(.ARM.Collect$$libinit$$00000026) refers to argv_veneer.o(.text) for __ARM_argv_veneer
    libinit2.o(.ARM.Collect$$libinit$$00000027) refers to argv_veneer.o(.text) for __ARM_argv_veneer
    rtexit2.o(.ARM.Collect$$rtexit$$00000003) refers to libshutdown.o(.ARM.Collect$$libshutdown$$00000000) for __rt_lib_shutdown
    rtexit2.o(.ARM.Collect$$rtexit$$00000004) refers to retarget.o(.text) for _sys_exit
    rtexit2.o(.ARM.exidx) refers to rtexit2.o(.ARM.Collect$$rtexit$$00000001) for .ARM.Collect$$rtexit$$00000001
    rtexit2.o(.ARM.exidx) refers to rtexit2.o(.ARM.Collect$$rtexit$$00000003) for .ARM.Collect$$rtexit$$00000003
    rtexit2.o(.ARM.exidx) refers to rtexit2.o(.ARM.Collect$$rtexit$$00000004) for .ARM.Collect$$rtexit$$00000004
    __raise.o(.text) refers to defsig.o(CL$$defsig) for __default_signal_handler
    defsig_general.o(.text) refers to retarget.o(.text) for _ttywrch
    defsig.o(CL$$defsig) refers to defsig_fpe_inner.o(.text) for __rt_SIGFPE_inner
    defsig.o(CL$$defsig) refers to defsig_rtmem_inner.o(.text) for __rt_SIGRTMEM_inner
    _get_argv_nomalloc.o(.text) refers (Special) to hrguard.o(.text) for __heap_region$guard
    _get_argv_nomalloc.o(.text) refers to defsig_rtmem_outer.o(.text) for __rt_SIGRTMEM
    _get_argv_nomalloc.o(.text) refers to sys_command.o(.text) for _sys_command_string
    libshutdown.o(.ARM.Collect$$libshutdown$$00000000) refers (Special) to libshutdown2.o(.ARM.Collect$$libshutdown$$00000002) for __rt_lib_shutdown_cpp_1
    libshutdown.o(.ARM.Collect$$libshutdown$$00000000) refers (Special) to libshutdown2.o(.ARM.Collect$$libshutdown$$00000007) for __rt_lib_shutdown_fp_trap_1
    libshutdown.o(.ARM.Collect$$libshutdown$$00000000) refers (Special) to libshutdown2.o(.ARM.Collect$$libshutdown$$0000000F) for __rt_lib_shutdown_heap_1
    libshutdown.o(.ARM.Collect$$libshutdown$$00000000) refers (Special) to libshutdown2.o(.ARM.Collect$$libshutdown$$00000010) for __rt_lib_shutdown_return
    libshutdown.o(.ARM.Collect$$libshutdown$$00000000) refers (Special) to libshutdown2.o(.ARM.Collect$$libshutdown$$0000000A) for __rt_lib_shutdown_signal_1
    libshutdown.o(.ARM.Collect$$libshutdown$$00000000) refers (Special) to libshutdown2.o(.ARM.Collect$$libshutdown$$00000004) for __rt_lib_shutdown_stdio_1
    libshutdown.o(.ARM.Collect$$libshutdown$$00000000) refers (Special) to libshutdown2.o(.ARM.Collect$$libshutdown$$0000000C) for __rt_lib_shutdown_user_alloc_1
    sys_command.o(.text) refers (Special) to use_no_semi.o(.text) for __I$use$semihosting
    sys_command.o(.text) refers (Special) to indicate_semi.o(.text) for __semihosting_library_function
    defsig_abrt_inner.o(.text) refers to defsig_general.o(.text) for __default_signal_display
    defsig_rtred_inner.o(.text) refers to defsig_general.o(.text) for __default_signal_display
    defsig_rtmem_inner.o(.text) refers to defsig_general.o(.text) for __default_signal_display
    defsig_rtmem_outer.o(.text) refers to defsig_rtmem_inner.o(.text) for __rt_SIGRTMEM_inner
    defsig_rtmem_outer.o(.text) refers to defsig_exit.o(.text) for __sig_exit
    defsig_rtmem_formal.o(.text) refers to rt_raise.o(.text) for __rt_raise
    defsig_stak_inner.o(.text) refers to defsig_general.o(.text) for __default_signal_display
    defsig_pvfn_inner.o(.text) refers to defsig_general.o(.text) for __default_signal_display
    defsig_cppl_inner.o(.text) refers to defsig_general.o(.text) for __default_signal_display
    defsig_segv_inner.o(.text) refers to defsig_general.o(.text) for __default_signal_display
    defsig_other.o(.text) refers to defsig_general.o(.text) for __default_signal_display


==============================================================================

Removing Unused input sections from the image.

    Removing w7500x_uart.o(.rev16_text), (4 bytes).
    Removing w7500x_uart.o(.revsh_text), (4 bytes).
    Removing system_w7500x.o(.rev16_text), (4 bytes).
    Removing system_w7500x.o(.revsh_text), (4 bytes).
    Removing main.o(.rev16_text), (4 bytes).
    Removing main.o(.revsh_text), (4 bytes).
    Removing retarget.o(.rev16_text), (4 bytes).
    Removing retarget.o(.revsh_text), (4 bytes).
    Removing retarget.o(.data), (4 bytes).
    Removing w7500x_it.o(.rev16_text), (4 bytes).
    Removing w7500x_it.o(.revsh_text), (4 bytes).

11 unused section(s) (total 44 bytes) removed from the image.

==============================================================================

Image Symbol Table

    Local Symbols

    Symbol Name                              Value     Ov Type        Size  Object(Section)

    RESET                                    0x00000000   Section      168  startup_w7500x.o(RESET)
    ../clib/angel/boardlib.s                 0x00000000   Number         0  boardshut.o ABSOLUTE
    ../clib/angel/boardlib.s                 0x00000000   Number         0  boardinit1.o ABSOLUTE
    ../clib/angel/boardlib.s                 0x00000000   Number         0  boardinit2.o ABSOLUTE
    ../clib/angel/boardlib.s                 0x00000000   Number         0  boardinit3.o ABSOLUTE
    ../clib/angel/handlers.s                 0x00000000   Number         0  __scatter_zi.o ABSOLUTE
    ../clib/angel/handlers.s                 0x00000000   Number         0  __scatter_copy.o ABSOLUTE
    ../clib/angel/kernel.s                   0x00000000   Number         0  rtexit2.o ABSOLUTE
    ../clib/angel/kernel.s                   0x00000000   Number         0  __rtentry4.o ABSOLUTE
    ../clib/angel/kernel.s                   0x00000000   Number         0  __rtentry2.o ABSOLUTE
    ../clib/angel/kernel.s                   0x00000000   Number         0  rtexit.o ABSOLUTE
    ../clib/angel/kernel.s                   0x00000000   Number         0  __rtentry.o ABSOLUTE
    ../clib/angel/rt.s                       0x00000000   Number         0  rt_div0.o ABSOLUTE
    ../clib/angel/rt.s                       0x00000000   Number         0  aeabi_idiv0_sigfpe.o ABSOLUTE
    ../clib/angel/rt.s                       0x00000000   Number         0  aeabi_idiv0.o ABSOLUTE
    ../clib/angel/rt.s                       0x00000000   Number         0  rt_raise.o ABSOLUTE
    ../clib/angel/scatterp.s                 0x00000000   Number         0  __scatter.o ABSOLUTE
    ../clib/angel/startup.s                  0x00000000   Number         0  __main.o ABSOLUTE
    ../clib/angel/sys.s                      0x00000000   Number         0  indicate_semi.o ABSOLUTE
    ../clib/angel/sys.s                      0x00000000   Number         0  sys_stackheap_outer.o ABSOLUTE
    ../clib/angel/sys.s                      0x00000000   Number         0  libspace.o ABSOLUTE
    ../clib/angel/sys.s                      0x00000000   Number         0  tempstk.o ABSOLUTE
    ../clib/angel/sys.s                      0x00000000   Number         0  use_no_semi.o ABSOLUTE
    ../clib/angel/sysapp.c                   0x00000000   Number         0  sys_command.o ABSOLUTE
    ../clib/armsys.c                         0x00000000   Number         0  argv_veneer.o ABSOLUTE
    ../clib/armsys.c                         0x00000000   Number         0  _get_argv_nomalloc.o ABSOLUTE
    ../clib/armsys.c                         0x00000000   Number         0  no_argv.o ABSOLUTE
    ../clib/division.s                       0x00000000   Number         0  aeabi_sdiv.o ABSOLUTE
    ../clib/division.s                       0x00000000   Number         0  aeabi_sdiv_div0.o ABSOLUTE
    ../clib/heapalloc.c                      0x00000000   Number         0  hrguard.o ABSOLUTE
    ../clib/heapaux.c                        0x00000000   Number         0  heapauxi.o ABSOLUTE
    ../clib/libinit.s                        0x00000000   Number         0  libshutdown.o ABSOLUTE
    ../clib/libinit.s                        0x00000000   Number         0  libinit2.o ABSOLUTE
    ../clib/libinit.s                        0x00000000   Number         0  libshutdown2.o ABSOLUTE
    ../clib/libinit.s                        0x00000000   Number         0  libinit.o ABSOLUTE
    ../clib/printf.c                         0x00000000   Number         0  __printf_nopercent.o ABSOLUTE
    ../clib/printf.c                         0x00000000   Number         0  _printf_char_file.o ABSOLUTE
    ../clib/printf.c                         0x00000000   Number         0  __2printf.o ABSOLUTE
    ../clib/printf.c                         0x00000000   Number         0  noretval__2printf.o ABSOLUTE
    ../clib/printf.c                         0x00000000   Number         0  _printf_char_common.o ABSOLUTE
    ../clib/signal.c                         0x00000000   Number         0  defsig_other.o ABSOLUTE
    ../clib/signal.c                         0x00000000   Number         0  defsig_cppl_inner.o ABSOLUTE
    ../clib/signal.c                         0x00000000   Number         0  defsig_pvfn_inner.o ABSOLUTE
    ../clib/signal.c                         0x00000000   Number         0  defsig_stak_inner.o ABSOLUTE
    ../clib/signal.c                         0x00000000   Number         0  defsig_fpe_formal.o ABSOLUTE
    ../clib/signal.c                         0x00000000   Number         0  defsig_rtmem_formal.o ABSOLUTE
    ../clib/signal.c                         0x00000000   Number         0  defsig_abrt_inner.o ABSOLUTE
    ../clib/signal.c                         0x00000000   Number         0  defsig_exit.o ABSOLUTE
    ../clib/signal.c                         0x00000000   Number         0  defsig_rtmem_inner.o ABSOLUTE
    ../clib/signal.c                         0x00000000   Number         0  defsig_general.o ABSOLUTE
    ../clib/signal.c                         0x00000000   Number         0  __raise.o ABSOLUTE
    ../clib/signal.c                         0x00000000   Number         0  defsig_rtred_inner.o ABSOLUTE
    ../clib/signal.c                         0x00000000   Number         0  defsig_rtmem_outer.o ABSOLUTE
    ../clib/signal.c                         0x00000000   Number         0  defsig_fpe_inner.o ABSOLUTE
    ../clib/signal.c                         0x00000000   Number         0  defsig_segv_inner.o ABSOLUTE
    ../clib/signal.c                         0x00000000   Number         0  defsig_fpe_outer.o ABSOLUTE
    ../clib/signal.s                         0x00000000   Number         0  defsig.o ABSOLUTE
    ../clib/stdlib.c                         0x00000000   Number         0  exit.o ABSOLUTE
    ../fplib/cfplib/daddsub.c                0x00000000   Number         0  daddsub.o ABSOLUTE
    ../fplib/cfplib/f2d.c                    0x00000000   Number         0  f2d.o ABSOLUTE
    ../fplib/cfplib/fdiv.c                   0x00000000   Number         0  fdiv.o ABSOLUTE
    ../fplib/cfplib/ffix.c                   0x00000000   Number         0  dfixui.o ABSOLUTE
    ../fplib/cfplib/ffix.c                   0x00000000   Number         0  ffixui.o ABSOLUTE
    ../fplib/cfplib/fflt.c                   0x00000000   Number         0  fflti.o ABSOLUTE
    ../fplib/cfplib/fpinit.c                 0x00000000   Number         0  fpinit.o ABSOLUTE
    ../fplib/cfplib/scalbn.c                 0x00000000   Number         0  fscalbn.o ABSOLUTE
    ../fplib/faddsub6m.s                     0x00000000   Number         0  faddsub.o ABSOLUTE
    ../fplib/usenofp.s                       0x00000000   Number         0  usenofp.o ABSOLUTE
    ..\..\..\..\..\Libraries\CMSIS\Device\WIZnet\W7500\Source\ARM\startup_W7500x.s 0x00000000   Number         0  startup_w7500x.o ABSOLUTE
    ..\..\..\..\..\Libraries\CMSIS\Device\WIZnet\W7500\Source\system_W7500x.c 0x00000000   Number         0  system_w7500x.o ABSOLUTE
    ..\..\..\..\..\Libraries\W7500x_stdPeriph_Driver\src\W7500x_uart.c 0x00000000   Number         0  w7500x_uart.o ABSOLUTE
    ..\W7500x_it.c                           0x00000000   Number         0  w7500x_it.o ABSOLUTE
    ..\\..\\..\\..\\..\\Libraries\\CMSIS\\Device\\WIZnet\\W7500\\Source\\system_W7500x.c 0x00000000   Number         0  system_w7500x.o ABSOLUTE
    ..\\..\\..\\..\\..\\Libraries\\W7500x_stdPeriph_Driver\\src\\W7500x_uart.c 0x00000000   Number         0  w7500x_uart.o ABSOLUTE
    ..\\W7500x_it.c                          0x00000000   Number         0  w7500x_it.o ABSOLUTE
    ..\\main.c                               0x00000000   Number         0  main.o ABSOLUTE
    ..\\retarget.c                           0x00000000   Number         0  retarget.o ABSOLUTE
    ..\main.c                                0x00000000   Number         0  main.o ABSOLUTE
    ..\retarget.c                            0x00000000   Number         0  retarget.o ABSOLUTE
    dc.s                                     0x00000000   Number         0  dc.o ABSOLUTE
    !!!main                                  0x000000a8   Section        8  __main.o(!!!main)
    !!!scatter                               0x000000b0   Section       60  __scatter.o(!!!scatter)
    !!handler_copy                           0x000000ec   Section       26  __scatter_copy.o(!!handler_copy)
    !!handler_zi                             0x00000108   Section       28  __scatter_zi.o(!!handler_zi)
    .ARM.Collect$$libinit$$00000000          0x00000124   Section        2  libinit.o(.ARM.Collect$$libinit$$00000000)
    .ARM.Collect$$libinit$$00000002          0x00000126   Section        0  libinit2.o(.ARM.Collect$$libinit$$00000002)
    .ARM.Collect$$libinit$$00000004          0x00000126   Section        0  libinit2.o(.ARM.Collect$$libinit$$00000004)
    .ARM.Collect$$libinit$$0000000A          0x00000126   Section        0  libinit2.o(.ARM.Collect$$libinit$$0000000A)
    .ARM.Collect$$libinit$$0000000C          0x00000126   Section        0  libinit2.o(.ARM.Collect$$libinit$$0000000C)
    .ARM.Collect$$libinit$$0000000E          0x00000126   Section        0  libinit2.o(.ARM.Collect$$libinit$$0000000E)
    .ARM.Collect$$libinit$$00000011          0x00000126   Section        0  libinit2.o(.ARM.Collect$$libinit$$00000011)
    .ARM.Collect$$libinit$$00000013          0x00000126   Section        0  libinit2.o(.ARM.Collect$$libinit$$00000013)
    .ARM.Collect$$libinit$$00000015          0x00000126   Section        0  libinit2.o(.ARM.Collect$$libinit$$00000015)
    .ARM.Collect$$libinit$$00000017          0x00000126   Section        0  libinit2.o(.ARM.Collect$$libinit$$00000017)
    .ARM.Collect$$libinit$$00000019          0x00000126   Section        0  libinit2.o(.ARM.Collect$$libinit$$00000019)
    .ARM.Collect$$libinit$$0000001B          0x00000126   Section        0  libinit2.o(.ARM.Collect$$libinit$$0000001B)
    .ARM.Collect$$libinit$$0000001D          0x00000126   Section        0  libinit2.o(.ARM.Collect$$libinit$$0000001D)
    .ARM.Collect$$libinit$$0000001F          0x00000126   Section        0  libinit2.o(.ARM.Collect$$libinit$$0000001F)
    .ARM.Collect$$libinit$$00000021          0x00000126   Section        0  libinit2.o(.ARM.Collect$$libinit$$00000021)
    .ARM.Collect$$libinit$$00000023          0x00000126   Section        0  libinit2.o(.ARM.Collect$$libinit$$00000023)
    .ARM.Collect$$libinit$$00000025          0x00000126   Section        0  libinit2.o(.ARM.Collect$$libinit$$00000025)
    .ARM.Collect$$libinit$$0000002C          0x00000126   Section        0  libinit2.o(.ARM.Collect$$libinit$$0000002C)
    .ARM.Collect$$libinit$$0000002E          0x00000126   Section        0  libinit2.o(.ARM.Collect$$libinit$$0000002E)
    .ARM.Collect$$libinit$$00000030          0x00000126   Section        0  libinit2.o(.ARM.Collect$$libinit$$00000030)
    .ARM.Collect$$libinit$$00000032          0x00000126   Section        0  libinit2.o(.ARM.Collect$$libinit$$00000032)
    .ARM.Collect$$libinit$$00000033          0x00000126   Section        2  libinit2.o(.ARM.Collect$$libinit$$00000033)
    .ARM.Collect$$libshutdown$$00000000      0x00000128   Section        2  libshutdown.o(.ARM.Collect$$libshutdown$$00000000)
    .ARM.Collect$$libshutdown$$00000002      0x0000012a   Section        0  libshutdown2.o(.ARM.Collect$$libshutdown$$00000002)
    .ARM.Collect$$libshutdown$$00000004      0x0000012a   Section        0  libshutdown2.o(.ARM.Collect$$libshutdown$$00000004)
    .ARM.Collect$$libshutdown$$00000007      0x0000012a   Section        0  libshutdown2.o(.ARM.Collect$$libshutdown$$00000007)
    .ARM.Collect$$libshutdown$$0000000A      0x0000012a   Section        0  libshutdown2.o(.ARM.Collect$$libshutdown$$0000000A)
    .ARM.Collect$$libshutdown$$0000000C      0x0000012a   Section        0  libshutdown2.o(.ARM.Collect$$libshutdown$$0000000C)
    .ARM.Collect$$libshutdown$$0000000F      0x0000012a   Section        0  libshutdown2.o(.ARM.Collect$$libshutdown$$0000000F)
    .ARM.Collect$$libshutdown$$00000010      0x0000012a   Section        2  libshutdown2.o(.ARM.Collect$$libshutdown$$00000010)
    .ARM.Collect$$rtentry$$00000000          0x0000012c   Section        0  __rtentry.o(.ARM.Collect$$rtentry$$00000000)
    .ARM.Collect$$rtentry$$00000002          0x0000012c   Section        0  __rtentry2.o(.ARM.Collect$$rtentry$$00000002)
    .ARM.Collect$$rtentry$$00000004          0x0000012c   Section        6  __rtentry4.o(.ARM.Collect$$rtentry$$00000004)
    .ARM.Collect$$rtentry$$00000009          0x00000132   Section        0  __rtentry2.o(.ARM.Collect$$rtentry$$00000009)
    .ARM.Collect$$rtentry$$0000000A          0x00000132   Section        4  __rtentry2.o(.ARM.Collect$$rtentry$$0000000A)
    .ARM.Collect$$rtentry$$0000000C          0x00000136   Section        0  __rtentry2.o(.ARM.Collect$$rtentry$$0000000C)
    .ARM.Collect$$rtentry$$0000000D          0x00000136   Section        8  __rtentry2.o(.ARM.Collect$$rtentry$$0000000D)
    .ARM.Collect$$rtexit$$00000000           0x0000013e   Section        2  rtexit.o(.ARM.Collect$$rtexit$$00000000)
    .ARM.Collect$$rtexit$$00000002           0x00000140   Section        0  rtexit2.o(.ARM.Collect$$rtexit$$00000002)
    .ARM.Collect$$rtexit$$00000003           0x00000140   Section        4  rtexit2.o(.ARM.Collect$$rtexit$$00000003)
    .ARM.Collect$$rtexit$$00000004           0x00000144   Section        6  rtexit2.o(.ARM.Collect$$rtexit$$00000004)
    .text                                    0x0000014c   Section       56  startup_w7500x.o(.text)
    .text                                    0x00000184   Section        0  w7500x_uart.o(.text)
    .text                                    0x000003e0   Section        0  system_w7500x.o(.text)
    .text                                    0x00000478   Section        0  main.o(.text)
    .text                                    0x000004d4   Section        0  retarget.o(.text)
    .text                                    0x0000050c   Section        0  w7500x_it.o(.text)
    .text                                    0x00000548   Section        2  use_no_semi.o(.text)
    .text                                    0x0000054c   Section        0  noretval__2printf.o(.text)
    .text                                    0x00000568   Section      346  aeabi_sdiv.o(.text)
    .text                                    0x000006c2   Section        0  heapauxi.o(.text)
    .text                                    0x000006c8   Section        0  daddsub.o(.text)
    _dadd1                                   0x000006c9   Thumb Code   290  daddsub.o(.text)
    _dsub1                                   0x000007eb   Thumb Code   470  daddsub.o(.text)
    .text                                    0x00000a20   Section        0  dfixui.o(.text)
    .text                                    0x00000a68   Section        0  f2d.o(.text)
    .text                                    0x00000abc   Section        0  fdiv.o(.text)
    .text                                    0x00000c1c   Section        0  ffixui.o(.text)
    .text                                    0x00000c4c   Section        0  fflti.o(.text)
    .text                                    0x00000cac   Section        0  fscalbn.o(.text)
    .text                                    0x00000cf0   Section        0  _printf_char_file.o(.text)
    .text                                    0x00000d18   Section        0  _printf_char_common.o(.text)
    _printf_input_char                       0x00000d19   Thumb Code    10  _printf_char_common.o(.text)
    .text                                    0x00000d48   Section       62  sys_stackheap_outer.o(.text)
    .text                                    0x00000d86   Section        0  __printf_nopercent.o(.text)
    .text                                    0x00000daa   Section        0  exit.o(.text)
    .text                                    0x00000dbc   Section        8  libspace.o(.text)
    x$fpl$fadd                               0x00000dc4   Section      140  faddsub.o(x$fpl$fadd)
    _fadd1                                   0x00000dd1   Thumb Code     0  faddsub.o(x$fpl$fadd)
    x$fpl$frsb                               0x00000e50   Section       24  faddsub.o(x$fpl$frsb)
    x$fpl$fsub                               0x00000e68   Section      208  faddsub.o(x$fpl$fsub)
    _fsub1                                   0x00000e75   Thumb Code     0  faddsub.o(x$fpl$fsub)
    .constdata                               0x00000f38   Section       64  fdiv.o(.constdata)
    x$fpl$usenofp                            0x00000f38   Section        0  usenofp.o(x$fpl$usenofp)
    fdiv_tab                                 0x00000f38   Data          64  fdiv.o(.constdata)
    .data                                    0x20000000   Section        8  system_w7500x.o(.data)
    .data                                    0x20000008   Section        4  retarget.o(.data)
    .bss                                     0x2000000c   Section       16  main.o(.bss)
    .bss                                     0x2000001c   Section       96  libspace.o(.bss)
    HEAP                                     0x20000080   Section     1024  startup_w7500x.o(HEAP)
    Heap_Mem                                 0x20000080   Data        1024  startup_w7500x.o(HEAP)
    STACK                                    0x20000480   Section     1024  startup_w7500x.o(STACK)
    Stack_Mem                                0x20000480   Data        1024  startup_w7500x.o(STACK)
    __initial_sp                             0x20000880   Data           0  startup_w7500x.o(STACK)

    Global Symbols

    Symbol Name                              Value     Ov Type        Size  Object(Section)

    BuildAttributes$$THM_ISAv3M$S$PE$A:L22$X:L11$S22$IEEE1$IW$USESV6$~STKCKD$USESV7$~SHL$OSPACE$ROPI$EBA8$UX$STANDARDLIB$REQ8$PRES8$EABIv2 0x00000000   Number         0  anon$$obj.o ABSOLUTE
    __ARM_use_no_argv                        0x00000000   Number         0  main.o ABSOLUTE
    __Vectors                                0x00000000   Data           4  startup_w7500x.o(RESET)
    __ARM_exceptions_init                     - Undefined Weak Reference
    __alloca_initialize                       - Undefined Weak Reference
    __arm_preinit_                            - Undefined Weak Reference
    __cpp_initialize__aeabi_                  - Undefined Weak Reference
    __cxa_finalize                            - Undefined Weak Reference
    __rt_locale                               - Undefined Weak Reference
    __sigvec_lookup                           - Undefined Weak Reference
    _atexit_init                              - Undefined Weak Reference
    _call_atexit_fns                          - Undefined Weak Reference
    _clock_init                               - Undefined Weak Reference
    _fp_trap_init                             - Undefined Weak Reference
    _fp_trap_shutdown                         - Undefined Weak Reference
    _get_lc_collate                           - Undefined Weak Reference
    _get_lc_ctype                             - Undefined Weak Reference
    _get_lc_monetary                          - Undefined Weak Reference
    _get_lc_numeric                           - Undefined Weak Reference
    _get_lc_time                              - Undefined Weak Reference
    _getenv_init                              - Undefined Weak Reference
    _handle_redirection                       - Undefined Weak Reference
    _init_alloc                               - Undefined Weak Reference
    _init_user_alloc                          - Undefined Weak Reference
    _initio                                   - Undefined Weak Reference
    _rand_init                                - Undefined Weak Reference
    _signal_finish                            - Undefined Weak Reference
    _signal_init                              - Undefined Weak Reference
    _terminate_alloc                          - Undefined Weak Reference
    _terminate_user_alloc                     - Undefined Weak Reference
    _terminateio                              - Undefined Weak Reference
    __Vectors_End                            0x000000a8   Data           0  startup_w7500x.o(RESET)
    __Vectors_Size                           0x000000a8   Number         0  startup_w7500x.o ABSOLUTE
    __main                                   0x000000a9   Thumb Code     8  __main.o(!!!main)
    __scatterload                            0x000000b1   Thumb Code     0  __scatter.o(!!!scatter)
    __scatterload_rt2                        0x000000b1   Thumb Code    52  __scatter.o(!!!scatter)
    __scatterload_rt2_thumb_only             0x000000b1   Thumb Code     0  __scatter.o(!!!scatter)
    __scatterload_null                       0x000000c1   Thumb Code     0  __scatter.o(!!!scatter)
    __scatterload_copy                       0x000000ed   Thumb Code    26  __scatter_copy.o(!!handler_copy)
    __scatterload_zeroinit                   0x00000109   Thumb Code    28  __scatter_zi.o(!!handler_zi)
    __rt_lib_init                            0x00000125   Thumb Code     0  libinit.o(.ARM.Collect$$libinit$$00000000)
    __rt_lib_init_alloca_1                   0x00000127   Thumb Code     0  libinit2.o(.ARM.Collect$$libinit$$0000002E)
    __rt_lib_init_argv_1                     0x00000127   Thumb Code     0  libinit2.o(.ARM.Collect$$libinit$$0000002C)
    __rt_lib_init_atexit_1                   0x00000127   Thumb Code     0  libinit2.o(.ARM.Collect$$libinit$$0000001B)
    __rt_lib_init_clock_1                    0x00000127   Thumb Code     0  libinit2.o(.ARM.Collect$$libinit$$00000021)
    __rt_lib_init_cpp_1                      0x00000127   Thumb Code     0  libinit2.o(.ARM.Collect$$libinit$$00000032)
    __rt_lib_init_exceptions_1               0x00000127   Thumb Code     0  libinit2.o(.ARM.Collect$$libinit$$00000030)
    __rt_lib_init_fp_1                       0x00000127   Thumb Code     0  libinit2.o(.ARM.Collect$$libinit$$00000002)
    __rt_lib_init_fp_trap_1                  0x00000127   Thumb Code     0  libinit2.o(.ARM.Collect$$libinit$$0000001F)
    __rt_lib_init_getenv_1                   0x00000127   Thumb Code     0  libinit2.o(.ARM.Collect$$libinit$$00000023)
    __rt_lib_init_heap_1                     0x00000127   Thumb Code     0  libinit2.o(.ARM.Collect$$libinit$$0000000A)
    __rt_lib_init_lc_collate_1               0x00000127   Thumb Code     0  libinit2.o(.ARM.Collect$$libinit$$00000011)
    __rt_lib_init_lc_ctype_1                 0x00000127   Thumb Code     0  libinit2.o(.ARM.Collect$$libinit$$00000013)
    __rt_lib_init_lc_monetary_1              0x00000127   Thumb Code     0  libinit2.o(.ARM.Collect$$libinit$$00000015)
    __rt_lib_init_lc_numeric_1               0x00000127   Thumb Code     0  libinit2.o(.ARM.Collect$$libinit$$00000017)
    __rt_lib_init_lc_time_1                  0x00000127   Thumb Code     0  libinit2.o(.ARM.Collect$$libinit$$00000019)
    __rt_lib_init_preinit_1                  0x00000127   Thumb Code     0  libinit2.o(.ARM.Collect$$libinit$$00000004)
    __rt_lib_init_rand_1                     0x00000127   Thumb Code     0  libinit2.o(.ARM.Collect$$libinit$$0000000E)
    __rt_lib_init_return                     0x00000127   Thumb Code     0  libinit2.o(.ARM.Collect$$libinit$$00000033)
    __rt_lib_init_signal_1                   0x00000127   Thumb Code     0  libinit2.o(.ARM.Collect$$libinit$$0000001D)
    __rt_lib_init_stdio_1                    0x00000127   Thumb Code     0  libinit2.o(.ARM.Collect$$libinit$$00000025)
    __rt_lib_init_user_alloc_1               0x00000127   Thumb Code     0  libinit2.o(.ARM.Collect$$libinit$$0000000C)
    __rt_lib_shutdown                        0x00000129   Thumb Code     0  libshutdown.o(.ARM.Collect$$libshutdown$$00000000)
    __rt_lib_shutdown_cpp_1                  0x0000012b   Thumb Code     0  libshutdown2.o(.ARM.Collect$$libshutdown$$00000002)
    __rt_lib_shutdown_fp_trap_1              0x0000012b   Thumb Code     0  libshutdown2.o(.ARM.Collect$$libshutdown$$00000007)
    __rt_lib_shutdown_heap_1                 0x0000012b   Thumb Code     0  libshutdown2.o(.ARM.Collect$$libshutdown$$0000000F)
    __rt_lib_shutdown_return                 0x0000012b   Thumb Code     0  libshutdown2.o(.ARM.Collect$$libshutdown$$00000010)
    __rt_lib_shutdown_signal_1               0x0000012b   Thumb Code     0  libshutdown2.o(.ARM.Collect$$libshutdown$$0000000A)
    __rt_lib_shutdown_stdio_1                0x0000012b   Thumb Code     0  libshutdown2.o(.ARM.Collect$$libshutdown$$00000004)
    __rt_lib_shutdown_user_alloc_1           0x0000012b   Thumb Code     0  libshutdown2.o(.ARM.Collect$$libshutdown$$0000000C)
    __rt_entry                               0x0000012d   Thumb Code     0  __rtentry.o(.ARM.Collect$$rtentry$$00000000)
    __rt_entry_presh_1                       0x0000012d   Thumb Code     0  __rtentry2.o(.ARM.Collect$$rtentry$$00000002)
    __rt_entry_sh                            0x0000012d   Thumb Code     0  __rtentry4.o(.ARM.Collect$$rtentry$$00000004)
    __rt_entry_li                            0x00000133   Thumb Code     0  __rtentry2.o(.ARM.Collect$$rtentry$$0000000A)
    __rt_entry_postsh_1                      0x00000133   Thumb Code     0  __rtentry2.o(.ARM.Collect$$rtentry$$00000009)
    __rt_entry_main                          0x00000137   Thumb Code     0  __rtentry2.o(.ARM.Collect$$rtentry$$0000000D)
    __rt_entry_postli_1                      0x00000137   Thumb Code     0  __rtentry2.o(.ARM.Collect$$rtentry$$0000000C)
    __rt_exit                                0x0000013f   Thumb Code     0  rtexit.o(.ARM.Collect$$rtexit$$00000000)
    __rt_exit_ls                             0x00000141   Thumb Code     0  rtexit2.o(.ARM.Collect$$rtexit$$00000003)
    __rt_exit_prels_1                        0x00000141   Thumb Code     0  rtexit2.o(.ARM.Collect$$rtexit$$00000002)
    __rt_exit_exit                           0x00000145   Thumb Code     0  rtexit2.o(.ARM.Collect$$rtexit$$00000004)
    Reset_Handler                            0x0000014d   Thumb Code     8  startup_w7500x.o(.text)
    RTC_Handler                              0x0000015f   Thumb Code     0  startup_w7500x.o(.text)
    __user_initial_stackheap                 0x00000161   Thumb Code    10  startup_w7500x.o(.text)
    UART_StructInit                          0x00000185   Thumb Code    26  w7500x_uart.o(.text)
    UART_DeInit                              0x0000019f   Thumb Code     2  w7500x_uart.o(.text)
    UART_Init                                0x000001a1   Thumb Code   152  w7500x_uart.o(.text)
    UART_FIFO_Enable                         0x00000239   Thumb Code    24  w7500x_uart.o(.text)
    UART_FIFO_Disable                        0x00000251   Thumb Code    10  w7500x_uart.o(.text)
    UART_SendData                            0x0000025b   Thumb Code     4  w7500x_uart.o(.text)
    UART_ReceiveData                         0x0000025f   Thumb Code     6  w7500x_uart.o(.text)
    UART_SendBreak                           0x00000265   Thumb Code    10  w7500x_uart.o(.text)
    UART_GetRecvStatus                       0x0000026f   Thumb Code    14  w7500x_uart.o(.text)
    UART_ClearRecvStatus                     0x0000027d   Thumb Code     4  w7500x_uart.o(.text)
    UART_GetFlagStatus                       0x00000281   Thumb Code    14  w7500x_uart.o(.text)
    UART_ClearFlag                           0x0000028f   Thumb Code     2  w7500x_uart.o(.text)
    UART_ITConfig                            0x00000291   Thumb Code    20  w7500x_uart.o(.text)
    UART_GetITStatus                         0x000002a5   Thumb Code    14  w7500x_uart.o(.text)
    UART_ClearITPendingBit                   0x000002b3   Thumb Code     8  w7500x_uart.o(.text)
    UART_DMA_Config                          0x000002bb   Thumb Code     8  w7500x_uart.o(.text)
    S_UART_DeInit                            0x000002c3   Thumb Code     2  w7500x_uart.o(.text)
    S_UART_SetBaud                           0x000002c5   Thumb Code    36  w7500x_uart.o(.text)
    S_UART_Init                              0x000002e9   Thumb Code    24  w7500x_uart.o(.text)
    S_UART_SendData                          0x00000301   Thumb Code    12  w7500x_uart.o(.text)
    S_UART_ReceiveData                       0x0000030d   Thumb Code     8  w7500x_uart.o(.text)
    S_UART_GetFlagStatus                     0x00000315   Thumb Code    16  w7500x_uart.o(.text)
    S_UART_SetCTRL                           0x00000325   Thumb Code    18  w7500x_uart.o(.text)
    S_UART_ITConfig                          0x00000337   Thumb Code    18  w7500x_uart.o(.text)
    S_UART_GetITStatus                       0x00000349   Thumb Code    16  w7500x_uart.o(.text)
    S_UART_ClearITPendingBit                 0x00000359   Thumb Code    10  w7500x_uart.o(.text)
    UartPutc                                 0x00000363   Thumb Code    12  w7500x_uart.o(.text)
    UartPuts                                 0x0000036f   Thumb Code    28  w7500x_uart.o(.text)
    UartGetc                                 0x0000038b   Thumb Code    12  w7500x_uart.o(.text)
    S_UartPutc                               0x00000397   Thumb Code    12  w7500x_uart.o(.text)
    S_UartPuts                               0x000003a3   Thumb Code    24  w7500x_uart.o(.text)
    S_UartGetc                               0x000003bb   Thumb Code    14  w7500x_uart.o(.text)
    SystemCoreClockUpdate                    0x000003e1   Thumb Code    56  system_w7500x.o(.text)
    GetSystemClock                           0x00000419   Thumb Code     6  system_w7500x.o(.text)
    SystemInit                               0x0000041f   Thumb Code    68  system_w7500x.o(.text)
    main                                     0x00000479   Thumb Code    40  main.o(.text)
    fputc                                    0x000004d5   Thumb Code    12  retarget.o(.text)
    fgetc                                    0x000004e1   Thumb Code    20  retarget.o(.text)
    ferror                                   0x000004f5   Thumb Code     6  retarget.o(.text)
    _ttywrch                                 0x000004fb   Thumb Code    12  retarget.o(.text)
    _sys_exit                                0x00000507   Thumb Code     2  retarget.o(.text)
    NMI_Handler                              0x0000050d   Thumb Code     2  w7500x_it.o(.text)
    HardFault_Handler                        0x0000050f   Thumb Code     2  w7500x_it.o(.text)
    SVC_Handler                              0x00000511   Thumb Code     2  w7500x_it.o(.text)
    PendSV_Handler                           0x00000513   Thumb Code     2  w7500x_it.o(.text)
    SysTick_Handler                          0x00000515   Thumb Code     2  w7500x_it.o(.text)
    SSP0_Handler                             0x00000517   Thumb Code     2  w7500x_it.o(.text)
    SSP1_Handler                             0x00000519   Thumb Code     2  w7500x_it.o(.text)
    UART0_Handler                            0x0000051b   Thumb Code     2  w7500x_it.o(.text)
    UART1_Handler                            0x0000051d   Thumb Code     2  w7500x_it.o(.text)
    UART2_Handler                            0x0000051f   Thumb Code     2  w7500x_it.o(.text)
    I2C0_Handler                             0x00000521   Thumb Code     2  w7500x_it.o(.text)
    I2C1_Handler                             0x00000523   Thumb Code     2  w7500x_it.o(.text)
    PORT0_Handler                            0x00000525   Thumb Code     2  w7500x_it.o(.text)
    PORT1_Handler                            0x00000527   Thumb Code     2  w7500x_it.o(.text)
    PORT2_Handler                            0x00000529   Thumb Code     2  w7500x_it.o(.text)
    PORT3_Handler                            0x0000052b   Thumb Code     2  w7500x_it.o(.text)
    DMA_Handler                              0x0000052d   Thumb Code     2  w7500x_it.o(.text)
    DUALTIMER0_Handler                       0x0000052f   Thumb Code     2  w7500x_it.o(.text)
    DUALTIMER1_Handler                       0x00000531   Thumb Code     2  w7500x_it.o(.text)
    PWM0_Handler                             0x00000533   Thumb Code     2  w7500x_it.o(.text)
    PWM1_Handler                             0x00000535   Thumb Code     2  w7500x_it.o(.text)
    PWM2_Handler                             0x00000537   Thumb Code     2  w7500x_it.o(.text)
    PWM3_Handler                             0x00000539   Thumb Code     2  w7500x_it.o(.text)
    PWM4_Handler                             0x0000053b   Thumb Code     2  w7500x_it.o(.text)
    PWM5_Handler                             0x0000053d   Thumb Code     2  w7500x_it.o(.text)
    PWM6_Handler                             0x0000053f   Thumb Code     2  w7500x_it.o(.text)
    PWM7_Handler                             0x00000541   Thumb Code     2  w7500x_it.o(.text)
    ADC_Handler                              0x00000543   Thumb Code     2  w7500x_it.o(.text)
    WZTOE_Handler                            0x00000545   Thumb Code     2  w7500x_it.o(.text)
    EXTI_Handler                             0x00000547   Thumb Code     2  w7500x_it.o(.text)
    __I$use$semihosting                      0x00000549   Thumb Code     0  use_no_semi.o(.text)
    __use_no_semihosting_swi                 0x00000549   Thumb Code     2  use_no_semi.o(.text)
    __2printf                                0x0000054d   Thumb Code    22  noretval__2printf.o(.text)
    __aeabi_uidiv                            0x00000569   Thumb Code     0  aeabi_sdiv.o(.text)
    __aeabi_uidivmod                         0x00000569   Thumb Code    20  aeabi_sdiv.o(.text)
    __aeabi_idiv                             0x0000057d   Thumb Code     0  aeabi_sdiv.o(.text)
    __aeabi_idivmod                          0x0000057d   Thumb Code   326  aeabi_sdiv.o(.text)
    __use_two_region_memory                  0x000006c3   Thumb Code     2  heapauxi.o(.text)
    __rt_heap_escrow$2region                 0x000006c5   Thumb Code     2  heapauxi.o(.text)
    __rt_heap_expand$2region                 0x000006c7   Thumb Code     2  heapauxi.o(.text)
    __aeabi_dadd                             0x000009c1   Thumb Code     0  daddsub.o(.text)
    _dadd                                    0x000009c1   Thumb Code    26  daddsub.o(.text)
    __aeabi_dsub                             0x000009db   Thumb Code     0  daddsub.o(.text)
    _dsub                                    0x000009db   Thumb Code    22  daddsub.o(.text)
    __aeabi_drsub                            0x000009f1   Thumb Code     0  daddsub.o(.text)
    _drsb                                    0x000009f1   Thumb Code    28  daddsub.o(.text)
    __aeabi_d2uiz                            0x00000a21   Thumb Code     0  dfixui.o(.text)
    _dfixu                                   0x00000a21   Thumb Code    68  dfixui.o(.text)
    __aeabi_f2d                              0x00000a69   Thumb Code     0  f2d.o(.text)
    _f2d                                     0x00000a69   Thumb Code    80  f2d.o(.text)
    __aeabi_fdiv                             0x00000abd   Thumb Code     0  fdiv.o(.text)
    _fdiv                                    0x00000abd   Thumb Code   334  fdiv.o(.text)
    _frdiv                                   0x00000c0b   Thumb Code     8  fdiv.o(.text)
    __aeabi_f2uiz                            0x00000c1d   Thumb Code     0  ffixui.o(.text)
    _ffixu                                   0x00000c1d   Thumb Code    48  ffixui.o(.text)
    __aeabi_i2f_normalise                    0x00000c4d   Thumb Code    72  fflti.o(.text)
    __aeabi_i2f                              0x00000c95   Thumb Code    16  fflti.o(.text)
    _fflt                                    0x00000c95   Thumb Code     0  fflti.o(.text)
    __aeabi_ui2f                             0x00000ca5   Thumb Code     6  fflti.o(.text)
    _ffltu                                   0x00000ca5   Thumb Code     0  fflti.o(.text)
    __ARM_scalbnf                            0x00000cad   Thumb Code    64  fscalbn.o(.text)
    _printf_char_file                        0x00000cf1   Thumb Code    34  _printf_char_file.o(.text)
    _printf_char_common                      0x00000d23   Thumb Code    32  _printf_char_common.o(.text)
    __user_setup_stackheap                   0x00000d49   Thumb Code    62  sys_stackheap_outer.o(.text)
    __printf                                 0x00000d87   Thumb Code    36  __printf_nopercent.o(.text)
    exit                                     0x00000dab   Thumb Code    16  exit.o(.text)
    __user_libspace                          0x00000dbd   Thumb Code     8  libspace.o(.text)
    __user_perproc_libspace                  0x00000dbd   Thumb Code     0  libspace.o(.text)
    __user_perthread_libspace                0x00000dbd   Thumb Code     0  libspace.o(.text)
    __aeabi_fadd                             0x00000dc5   Thumb Code     0  faddsub.o(x$fpl$fadd)
    _fadd                                    0x00000dc5   Thumb Code   134  faddsub.o(x$fpl$fadd)
    __aeabi_frsub                            0x00000e51   Thumb Code     0  faddsub.o(x$fpl$frsb)
    _frsb                                    0x00000e51   Thumb Code    24  faddsub.o(x$fpl$frsb)
    __aeabi_fsub                             0x00000e69   Thumb Code     0  faddsub.o(x$fpl$fsub)
    _fsub                                    0x00000e69   Thumb Code   204  faddsub.o(x$fpl$fsub)
    __I$use$fp                               0x00000f38   Number         0  usenofp.o(x$fpl$usenofp)
    Region$$Table$$Base                      0x00000f78   Number         0  anon$$obj.o(Region$$Table)
    Region$$Table$$Limit                     0x00000f98   Number         0  anon$$obj.o(Region$$Table)
    SystemFrequency                          0x20000000   Data           4  system_w7500x.o(.data)
    SystemCoreClock                          0x20000004   Data           4  system_w7500x.o(.data)
    __stdout                                 0x20000008   Data           4  retarget.o(.data)
    UART_InitStructure                       0x2000000c   Data          16  main.o(.bss)
    __libspace_start                         0x2000001c   Data          96  libspace.o(.bss)
    __temporary_stack_top$libspace           0x2000007c   Data           0  libspace.o(.bss)



==============================================================================

Memory Map of the image

  Image Entry point : 0x000000a9

  Load Region LR_IROM1 (Base: 0x00000000, Size: 0x00000fa4, Max: 0x00020000, ABSOLUTE)

    Execution Region ER_IROM1 (Exec base: 0x00000000, Load base: 0x00000000, Size: 0x00000f98, Max: 0x00020000, ABSOLUTE)

    Exec Addr    Load Addr    Size         Type   Attr      Idx    E Section Name        Object

    0x00000000   0x00000000   0x000000a8   Data   RO            3    RESET               startup_w7500x.o
    0x000000a8   0x000000a8   0x00000008   Code   RO          178  * !!!main             c_p.l(__main.o)
    0x000000b0   0x000000b0   0x0000003c   Code   RO          369    !!!scatter          c_p.l(__scatter.o)
    0x000000ec   0x000000ec   0x0000001a   Code   RO          371    !!handler_copy      c_p.l(__scatter_copy.o)
    0x00000106   0x00000106   0x00000002   PAD
    0x00000108   0x00000108   0x0000001c   Code   RO          373    !!handler_zi        c_p.l(__scatter_zi.o)
    0x00000124   0x00000124   0x00000002   Code   RO          244    .ARM.Collect$$libinit$$00000000  c_p.l(libinit.o)
    0x00000126   0x00000126   0x00000000   Code   RO          258    .ARM.Collect$$libinit$$00000002  c_p.l(libinit2.o)
    0x00000126   0x00000126   0x00000000   Code   RO          260    .ARM.Collect$$libinit$$00000004  c_p.l(libinit2.o)
    0x00000126   0x00000126   0x00000000   Code   RO          263    .ARM.Collect$$libinit$$0000000A  c_p.l(libinit2.o)
    0x00000126   0x00000126   0x00000000   Code   RO          265    .ARM.Collect$$libinit$$0000000C  c_p.l(libinit2.o)
    0x00000126   0x00000126   0x00000000   Code   RO          267    .ARM.Collect$$libinit$$0000000E  c_p.l(libinit2.o)
    0x00000126   0x00000126   0x00000000   Code   RO          270    .ARM.Collect$$libinit$$00000011  c_p.l(libinit2.o)
    0x00000126   0x00000126   0x00000000   Code   RO          272    .ARM.Collect$$libinit$$00000013  c_p.l(libinit2.o)
    0x00000126   0x00000126   0x00000000   Code   RO          274    .ARM.Collect$$libinit$$00000015  c_p.l(libinit2.o)
    0x00000126   0x00000126   0x00000000   Code   RO          276    .ARM.Collect$$libinit$$00000017  c_p.l(libinit2.o)
    0x00000126   0x00000126   0x00000000   Code   RO          278    .ARM.Collect$$libinit$$00000019  c_p.l(libinit2.o)
    0x00000126   0x00000126   0x00000000   Code   RO          280    .ARM.Collect$$libinit$$0000001B  c_p.l(libinit2.o)
    0x00000126   0x00000126   0x00000000   Code   RO          282    .ARM.Collect$$libinit$$0000001D  c_p.l(libinit2.o)
    0x00000126   0x00000126   0x00000000   Code   RO          284    .ARM.Collect$$libinit$$0000001F  c_p.l(libinit2.o)
    0x00000126   0x00000126   0x00000000   Code   RO          286    .ARM.Collect$$libinit$$00000021  c_p.l(libinit2.o)
    0x00000126   0x00000126   0x00000000   Code   RO          288    .ARM.Collect$$libinit$$00000023  c_p.l(libinit2.o)
    0x00000126   0x00000126   0x00000000   Code   RO          290    .ARM.Collect$$libinit$$00000025  c_p.l(libinit2.o)
    0x00000126   0x00000126   0x00000000   Code   RO          294    .ARM.Collect$$libinit$$0000002C  c_p.l(libinit2.o)
    0x00000126   0x00000126   0x00000000   Code   RO          296    .ARM.Collect$$libinit$$0000002E  c_p.l(libinit2.o)
    0x00000126   0x00000126   0x00000000   Code   RO          298    .ARM.Collect$$libinit$$00000030  c_p.l(libinit2.o)
    0x00000126   0x00000126   0x00000000   Code   RO          300    .ARM.Collect$$libinit$$00000032  c_p.l(libinit2.o)
    0x00000126   0x00000126   0x00000002   Code   RO          301    .ARM.Collect$$libinit$$00000033  c_p.l(libinit2.o)
    0x00000128   0x00000128   0x00000002   Code   RO          325    .ARM.Collect$$libshutdown$$00000000  c_p.l(libshutdown.o)
    0x0000012a   0x0000012a   0x00000000   Code   RO          351    .ARM.Collect$$libshutdown$$00000002  c_p.l(libshutdown2.o)
    0x0000012a   0x0000012a   0x00000000   Code   RO          353    .ARM.Collect$$libshutdown$$00000004  c_p.l(libshutdown2.o)
    0x0000012a   0x0000012a   0x00000000   Code   RO          356    .ARM.Collect$$libshutdown$$00000007  c_p.l(libshutdown2.o)
    0x0000012a   0x0000012a   0x00000000   Code   RO          359    .ARM.Collect$$libshutdown$$0000000A  c_p.l(libshutdown2.o)
    0x0000012a   0x0000012a   0x00000000   Code   RO          361    .ARM.Collect$$libshutdown$$0000000C  c_p.l(libshutdown2.o)
    0x0000012a   0x0000012a   0x00000000   Code   RO          364    .ARM.Collect$$libshutdown$$0000000F  c_p.l(libshutdown2.o)
    0x0000012a   0x0000012a   0x00000002   Code   RO          365    .ARM.Collect$$libshutdown$$00000010  c_p.l(libshutdown2.o)
    0x0000012c   0x0000012c   0x00000000   Code   RO          201    .ARM.Collect$$rtentry$$00000000  c_p.l(__rtentry.o)
    0x0000012c   0x0000012c   0x00000000   Code   RO          210    .ARM.Collect$$rtentry$$00000002  c_p.l(__rtentry2.o)
    0x0000012c   0x0000012c   0x00000006   Code   RO          222    .ARM.Collect$$rtentry$$00000004  c_p.l(__rtentry4.o)
    0x00000132   0x00000132   0x00000000   Code   RO          212    .ARM.Collect$$rtentry$$00000009  c_p.l(__rtentry2.o)
    0x00000132   0x00000132   0x00000004   Code   RO          213    .ARM.Collect$$rtentry$$0000000A  c_p.l(__rtentry2.o)
    0x00000136   0x00000136   0x00000000   Code   RO          215    .ARM.Collect$$rtentry$$0000000C  c_p.l(__rtentry2.o)
    0x00000136   0x00000136   0x00000008   Code   RO          216    .ARM.Collect$$rtentry$$0000000D  c_p.l(__rtentry2.o)
    0x0000013e   0x0000013e   0x00000002   Code   RO          249    .ARM.Collect$$rtexit$$00000000  c_p.l(rtexit.o)
    0x00000140   0x00000140   0x00000000   Code   RO          303    .ARM.Collect$$rtexit$$00000002  c_p.l(rtexit2.o)
    0x00000140   0x00000140   0x00000004   Code   RO          304    .ARM.Collect$$rtexit$$00000003  c_p.l(rtexit2.o)
    0x00000144   0x00000144   0x00000006   Code   RO          305    .ARM.Collect$$rtexit$$00000004  c_p.l(rtexit2.o)
    0x0000014a   0x0000014a   0x00000002   PAD
    0x0000014c   0x0000014c   0x00000038   Code   RO            4    .text               startup_w7500x.o
    0x00000184   0x00000184   0x0000025c   Code   RO           12    .text               w7500x_uart.o
    0x000003e0   0x000003e0   0x00000098   Code   RO           56    .text               system_w7500x.o
    0x00000478   0x00000478   0x0000005c   Code   RO           82    .text               main.o
    0x000004d4   0x000004d4   0x00000038   Code   RO          109    .text               retarget.o
    0x0000050c   0x0000050c   0x0000003c   Code   RO          146    .text               w7500x_it.o
    0x00000548   0x00000548   0x00000002   Code   RO          166    .text               c_p.l(use_no_semi.o)
    0x0000054a   0x0000054a   0x00000002   PAD
    0x0000054c   0x0000054c   0x0000001c   Code   RO          170    .text               c_p.l(noretval__2printf.o)
    0x00000568   0x00000568   0x0000015a   Code   RO          172    .text               c_p.l(aeabi_sdiv.o)
    0x000006c2   0x000006c2   0x00000006   Code   RO          176    .text               c_p.l(heapauxi.o)
    0x000006c8   0x000006c8   0x00000358   Code   RO          180    .text               fz_ps.l(daddsub.o)
    0x00000a20   0x00000a20   0x00000048   Code   RO          182    .text               fz_ps.l(dfixui.o)
    0x00000a68   0x00000a68   0x00000054   Code   RO          184    .text               fz_ps.l(f2d.o)
    0x00000abc   0x00000abc   0x00000160   Code   RO          192    .text               fz_ps.l(fdiv.o)
    0x00000c1c   0x00000c1c   0x00000030   Code   RO          195    .text               fz_ps.l(ffixui.o)
    0x00000c4c   0x00000c4c   0x0000005e   Code   RO          197    .text               fz_ps.l(fflti.o)
    0x00000caa   0x00000caa   0x00000002   PAD
    0x00000cac   0x00000cac   0x00000044   Code   RO          199    .text               fz_ps.l(fscalbn.o)
    0x00000cf0   0x00000cf0   0x00000028   Code   RO          206    .text               c_p.l(_printf_char_file.o)
    0x00000d18   0x00000d18   0x00000030   Code   RO          226    .text               c_p.l(_printf_char_common.o)
    0x00000d48   0x00000d48   0x0000003e   Code   RO          228    .text               c_p.l(sys_stackheap_outer.o)
    0x00000d86   0x00000d86   0x00000024   Code   RO          231    .text               c_p.l(__printf_nopercent.o)
    0x00000daa   0x00000daa   0x00000010   Code   RO          233    .text               c_p.l(exit.o)
    0x00000dba   0x00000dba   0x00000002   PAD
    0x00000dbc   0x00000dbc   0x00000008   Code   RO          245    .text               c_p.l(libspace.o)
    0x00000dc4   0x00000dc4   0x0000008c   Code   RO          186    x$fpl$fadd          fz_ps.l(faddsub.o)
    0x00000e50   0x00000e50   0x00000018   Code   RO          187    x$fpl$frsb          fz_ps.l(faddsub.o)
    0x00000e68   0x00000e68   0x000000d0   Code   RO          188    x$fpl$fsub          fz_ps.l(faddsub.o)
    0x00000f38   0x00000f38   0x00000000   Code   RO          208    x$fpl$usenofp       fz_ps.l(usenofp.o)
    0x00000f38   0x00000f38   0x00000040   Data   RO          193    .constdata          fz_ps.l(fdiv.o)
    0x00000f78   0x00000f78   0x00000020   Data   RO          367    Region$$Table       anon$$obj.o


    Execution Region RW_IRAM1 (Exec base: 0x20000000, Load base: 0x00000f98, Size: 0x00000880, Max: 0x00004000, ABSOLUTE)

    Exec Addr    Load Addr    Size         Type   Attr      Idx    E Section Name        Object

    0x20000000   0x00000f98   0x00000008   Data   RW           57    .data               system_w7500x.o
    0x20000008   0x00000fa0   0x00000004   Data   RW          110    .data               retarget.o
    0x2000000c        -       0x00000010   Zero   RW           83    .bss                main.o
    0x2000001c        -       0x00000060   Zero   RW          246    .bss                c_p.l(libspace.o)
    0x2000007c   0x00000fa4   0x00000004   PAD
    0x20000080        -       0x00000400   Zero   RW            2    HEAP                startup_w7500x.o
    0x20000480        -       0x00000400   Zero   RW            1    STACK               startup_w7500x.o


==============================================================================

Image component sizes


      Code (inc. data)   RO Data    RW Data    ZI Data      Debug   Object Name

        92         52          0          0         16        684   main.o
        56          4          0          4          0       2938   retarget.o
        56         26        168          0       2048        804   startup_w7500x.o
       152         22          0          8          0       1436   system_w7500x.o
        60          0          0          0          0       3054   w7500x_it.o
       604         24          0          0          0      36783   w7500x_uart.o

    ----------------------------------------------------------------------
      1020        128        200         12       2064      45699   Object Totals
         0          0         32          0          0          0   (incl. Generated)
         0          0          0          0          0          0   (incl. Padding)

    ----------------------------------------------------------------------

      Code (inc. data)   RO Data    RW Data    ZI Data      Debug   Library Member Name

         8          0          0          0          0         68   __main.o
        36          0          0          0          0         76   __printf_nopercent.o
         0          0          0          0          0          0   __rtentry.o
        12          0          0          0          0          0   __rtentry2.o
         6          0          0          0          0          0   __rtentry4.o
        60          8          0          0          0          0   __scatter.o
        26          0          0          0          0          0   __scatter_copy.o
        28          0          0          0          0          0   __scatter_zi.o
        48          6          0          0          0         88   _printf_char_common.o
        40          6          0          0          0         72   _printf_char_file.o
       346          0          0          0          0         92   aeabi_sdiv.o
        16          0          0          0          0         68   exit.o
         6          0          0          0          0        136   heapauxi.o
         2          0          0          0          0          0   libinit.o
         2          0          0          0          0          0   libinit2.o
         2          0          0          0          0          0   libshutdown.o
         2          0          0          0          0          0   libshutdown2.o
         8          4          0          0         96         68   libspace.o
        28          6          0          0          0         84   noretval__2printf.o
         2          0          0          0          0          0   rtexit.o
        10          0          0          0          0          0   rtexit2.o
        62          0          0          0          0         80   sys_stackheap_outer.o
         2          0          0          0          0         68   use_no_semi.o
       856         20          0          0          0        208   daddsub.o
        72          4          0          0          0         68   dfixui.o
        84          4          0          0          0         60   f2d.o
       372          8          0          0          0        240   faddsub.o
       352         10         64          0          0         92   fdiv.o
        48          0          0          0          0         60   ffixui.o
        94          0          0          0          0         92   fflti.o
        68          4          0          0          0         68   fscalbn.o
         0          0          0          0          0          0   usenofp.o

    ----------------------------------------------------------------------
      2708         80         64          0        100       1788   Library Totals
        10          0          0          0          4          0   (incl. Padding)

    ----------------------------------------------------------------------

      Code (inc. data)   RO Data    RW Data    ZI Data      Debug   Library Name

       752         30          0          0         96        900   c_p.l
      1946         50         64          0          0        888   fz_ps.l

    ----------------------------------------------------------------------
      2708         80         64          0        100       1788   Library Totals

    ----------------------------------------------------------------------

==============================================================================


      Code (inc. data)   RO Data    RW Data    ZI Data      Debug   

      3728        208        264         12       2164      46395   Grand Totals
      3728        208        264         12       2164      46395   ELF Image Totals
      3728        208        264         12          0          0   ROM Totals

==============================================================================

    Total RO  Size (Code + RO Data)                 3992 (   3.90kB)
    Total RW  Size (RW Data + ZI Data)              2176 (   2.13kB)
    Total ROM Size (Code + RO Data + RW Data)       4004 (   3.91kB)

==============================================================================

