<html>
<body>
<pre>
<h1>µVision Build Log</h1>
<h2>Tool Versions:</h2>
IDE-Version: •ÏVision V5.31.0.0
Copyright (C) 2020 ARM Ltd and ARM Germany GmbH. All rights reserved.
License Information: theo IM HP Inc. Flex license: MDK Essential 5.31 (Flex): 1 user(s) (mdk_essential) Support: Sep 2020
 
Tool Versions:
Toolchain:       MDK Essential 5.31 (Flex): 1 user(s)  Version: 5.31.0.0
Toolchain Path:  C:\Keil_v5\ARM\ARMCC\Bin
C Compiler:      Armcc.exe V5.06 update 6 (build 750)
Assembler:       Armasm.exe V5.06 update 6 (build 750)
Linker/Locator:  ArmLink.exe V5.06 update 6 (build 750)
Library Manager: ArmAr.exe V5.06 update 6 (build 750)
Hex Converter:   FromElf.exe V5.06 update 6 (build 750)
CPU DLL:         SARMCM3.DLL V5.31.0.0
Dialog DLL:      DARMCM1.DLL V1.19.3.0
Target DLL:      CMSIS_AGDI.dll V1.32.6.0
Dialog DLL:      TARMCM1.DLL V1.14.2.0
 
<h2>Project:</h2>
D:\project\W7500P\Projects\Peripheral_Examples\WZTOE\LoopbackTest\MDK\W7500x_WZTOE_Loopaback.uvproj
Project File Date:  11/02/2023

<h2>Output:</h2>
*** Using Compiler 'V5.06 update 6 (build 750)', folder: 'C:\Keil_v5\ARM\ARMCC\Bin'
Build target 'Target 1'
assembling startup_W7500x.s...
compiling system_W7500x.c...
compiling W7500x_gpio.c...
compiling W7500x_uart.c...
compiling main.c...
compiling wizchip_conf.c...
compiling socket.c...
compiling retarget.c...
compiling W7500x_miim.c...
compiling W7500x_wztoe.c...
compiling W7500x_crg.c...
compiling W7500x_it.c...
compiling loopback.c...
linking...
Program Size: Code=11372 RO-data=304 RW-data=36 ZI-data=4212  
After Build - User command #1: C:\Keil_v5\\ARM\ARMCC\BIN\fromelf.exe D:\project\W7500P\Projects\Peripheral_Examples\WZTOE\LoopbackTest\MDK\Obj\W7500x_WZTOE_Loopback.axf --vhx --8x1 --output main.hex;fromelf --bin -o "D:\project\W7500P\Projects\Peripheral_Examples\WZTOE\LoopbackTest\MDK\Obj\W7500x_WZTOE_Loopback.bin" "D:\project\W7500P\Projects\Peripheral_Examples\WZTOE\LoopbackTest\MDK\Obj\W7500x_WZTOE_Loopback.axf"
".\Obj\W7500x_WZTOE_Loopback.axf" - 0 Error(s), 0 Warning(s).
Build Time Elapsed:  00:00:01
</pre>
</body>
</html>
