<html>
<body>
<pre>
<h1>µVision Build Log</h1>
<h2>Tool Versions:</h2>
IDE-Version: •ÏVision V5.31.0.0
Copyright (C) 2020 ARM Ltd and ARM Germany GmbH. All rights reserved.
License Information: theo IM HP Inc. Flex license: MDK Essential 5.31 (Flex): 1 user(s) (mdk_essential) Support: Sep 2020
 
Tool Versions:
Toolchain:       MDK Essential 5.31 (Flex): 1 user(s)  Version: 5.31.0.0
Toolchain Path:  C:\Keil_v5\ARM\ARMCC\Bin
C Compiler:      Armcc.exe V5.06 update 6 (build 750)
Assembler:       Armasm.exe V5.06 update 6 (build 750)
Linker/Locator:  ArmLink.exe V5.06 update 6 (build 750)
Library Manager: ArmAr.exe V5.06 update 6 (build 750)
Hex Converter:   FromElf.exe V5.06 update 6 (build 750)
CPU DLL:         SARMCM3.DLL V5.31.0.0
Dialog DLL:      DARMCM1.DLL V1.19.3.0
Target DLL:      CMSIS_AGDI.dll V1.32.6.0
Dialog DLL:      TARMCM1.DLL V1.14.2.0
 
<h2>Project:</h2>
D:\UIC\W7500x-surf5\Projects\Peripheral_Examples\UART\Printf\MDK\W7500x_Uart_Print.uvproj
Project File Date:  10/16/2023

<h2>Output:</h2>
*** Using Compiler 'V5.06 update 6 (build 750)', folder: 'C:\Keil_v5\ARM\ARMCC\Bin'
Build target 'Target 1'
compiling main.c...
linking...
Program Size: Code=3728 RO-data=264 RW-data=12 ZI-data=2164  
After Build - User command #1: C:\Keil_v5\\ARM\ARMCC\BIN\fromelf.exe D:\UIC\W7500x-surf5\Projects\Peripheral_Examples\UART\Printf\MDK\Obj\W7500x_Uart_Print.axf --vhx --8x1 --output main.hex
After Build - User command #2: fromelf --bin -o "D:\UIC\W7500x-surf5\Projects\Peripheral_Examples\UART\Printf\MDK\Obj\W7500x_Uart_Print.bin" "D:\UIC\W7500x-surf5\Projects\Peripheral_Examples\UART\Printf\MDK\Obj\W7500x_Uart_Print.axf"
".\Obj\W7500x_Uart_Print.axf" - 0 Error(s), 0 Warning(s).
Build Time Elapsed:  00:00:01
</pre>
</body>
</html>
